A51 MACRO ASSEMBLER  ASSEMBLY                                                             06/30/2024 17:18:33 PAGE     1


MACRO ASSEMBLER A51 V8.2.7.0
OBJECT MODULE PLACED IN assembly.OBJ
ASSEMBLER INVOKED BY: C:\Keil_v5\C51\BIN\A51.EXE assembly.a51 SET(SMALL) DEBUG EP

LOC  OBJ            LINE     SOURCE

                       1     PUBLIC  _GETADC
                       2     PRGSEG  SEGMENT CODE
----                   3     RSEG    PRGSEG
                       4     
  8008                 5     PTIO EQU 8008h  ; Base address of ADC channels
0000                   6     _GETADC:
                       7     
0000 EF                8             MOV A,r7 ; get param to Accumulator
                       9     
                      10             ; SET DIRECTION FLAG
0001 B40102           11             CJNE A, #1 , noSetFlag1  ; 
0004 7801             12              mov r0,#1;
0006                  13             noSetFlag1:
                      14             
                      15             
0006 B48002           16             CJNE A, #128 , noSetFlag0  ; 
0009 7800             17              mov r0, #0
000B                  18             noSetFlag0:
                      19     
                      20             
                      21             
000B B80003           22             CJNE r0, #0 , RotateLeft  ; R0is1
000E B80103           23             CJNE r0, #1 , RotateRight  ; R0is1
                      24     
                      25             
0011                  26             RotateLeft:
0011 23               27             RL A
0012 8003             28             jmp afterRorate
                      29             
0014                  30             RotateRight:
0014 03               31             RR A
0015 8000             32             jmp afterRorate
                      33             
0017                  34             afterRorate:
                      35             
                      36             
                      37             
                      38       
                      39     
                      40     
                      41                     ;PTIO EQU 8008h
                      42                     ; mov DPTR,#PTIO
                      43                     ; mov A,#0fh
                      44                     ; movx @DPTR,A
                      45                     ; movx A,@DPTR
                      46                     ; jnb ACC.0,X0_ON
                      47     
                      48             
0017 908008           49      mov DPTR,#PTIO  ; show B on LED
001A F0               50      movx @DPTR,A
                      51     
                      52     
001B FF               53     mov r7,A  ; mov A to param
                      54     
                      55     ;JMP _SL33P
                      56     
001C 22               57     ret       ; return with param
                      58     
A51 MACRO ASSEMBLER  ASSEMBLY                                                             06/30/2024 17:18:33 PAGE     2

                      59     ; 3. Read the conversion result
                      60      ;   MOVX A, @DPTR       ; Read the result from ADC register
                      61      ;   MOV R7, A           ; Store the result in R7
                      62      
                      63      
                      64     PUBLIC  _SL33P
001D                  65     _SL33P:
001D 908008           66              mov DPTR,#PTIO  ; show B on LED
0020 E0               67              movx A,@DPTR   ;
                      68              ;CPL A;
0021 540F             69              ANL A,#0x0f
                      70              ;RL A
                      71              ;XRL A,#0xF0
                      72              
                      73     
                      74                     
                      75     
0023 FC               76             MOV R4,A
0024                  77             myloopr4:
0024 7D32             78             MOV R5,#50
                      79             
0026                  80             myloopa:
0026 7432             81             MOV A,#50
                      82             
0028                  83             myloop:
0028 14               84                     DEC A
0029 70FD             85                     JNZ myloop
                      86                     
002B 1D               87                     DEC R5
002C BD00F7           88                     CJNE R5, #0 , myloopa  ; COMPARE destination, source and jump if not equal
                      89     
002F 1C               90                     DEC R4
0030 BC00F1           91                     CJNE R4, #0 , myloopr4 
                      92     
0033 22               93     RET
                      94     
                      95     
                      96      
                      97     
                      98             
                      99     END 
                             
                              
A51 MACRO ASSEMBLER  ASSEMBLY                                                             06/30/2024 17:18:33 PAGE     3

SYMBOL TABLE LISTING
------ ----- -------


N A M E             T Y P E  V A L U E   ATTRIBUTES

AFTERRORATE. . . .  C ADDR   0017H   R   SEG=PRGSEG
MYLOOP . . . . . .  C ADDR   0028H   R   SEG=PRGSEG
MYLOOPA. . . . . .  C ADDR   0026H   R   SEG=PRGSEG
MYLOOPR4 . . . . .  C ADDR   0024H   R   SEG=PRGSEG
NOSETFLAG0 . . . .  C ADDR   000BH   R   SEG=PRGSEG
NOSETFLAG1 . . . .  C ADDR   0006H   R   SEG=PRGSEG
PRGSEG . . . . . .  C SEG    0034H       REL=UNIT
PTIO . . . . . . .  N NUMB   8008H   A   
ROTATELEFT . . . .  C ADDR   0011H   R   SEG=PRGSEG
ROTATERIGHT. . . .  C ADDR   0014H   R   SEG=PRGSEG
_GETADC. . . . . .  C ADDR   0000H   R   SEG=PRGSEG
_SL33P . . . . . .  C ADDR   001DH   R   SEG=PRGSEG


REGISTER BANK(S) USED: 0 


ASSEMBLY COMPLETE.  0 WARNING(S), 0 ERROR(S)
